SubmissionDate,some-field-no-predicate,some-field-no-predicate/CHOICE_1,some-field-no-predicate/CHOICE_2,some-field-no-predicate/CHOICE_3,some-field-no-predicate/CHOICE_4,some-field,some-field/CHOICE_1,some-field/CHOICE_2,meta-instanceID,KEY
"Mar 17, 2019 10:14:18 AM",CHOICE_1 CHOICE_4,1,0,0,1,CHOICE_1,1,0,uuid:a21ca0ad-db7e-4ef5-b7ea-d73dd4a42bf0,uuid:a21ca0ad-db7e-4ef5-b7ea-d73dd4a42bf0
